Microchip MPLAB XC8 Compiler V2.50

Linker command line:

-W-3 \
  --edf=C:\Program Files\Microchip\xc8\v2.50\pic\dat\20240725155939_en.msgs \
  -cn -h+dist/default/production\01_Car_Black_Box.X.production.sym \
  --cmf=dist/default/production\01_Car_Black_Box.X.production.cmf -z \
  -Q18F4580 -oC:\Users\user\AppData\Local\Temp\xcCs56k.2\driver_tmp_3.o \
  --defsym=__MPLAB_BUILD=1 --fixupoverflow=error \
  -Mdist/default/production/01_Car_Black_Box.X.production.map \
  --md=C:\Users\user\AppData\Local\Temp\xcCs56k.2\driver_tmp_0.dat -E1 \
  -ver=XC8 Compiler --acfsm=1493 -ACODE=00h-03000h -ACONST=00h-03000h \
  -ASMALLCONST=0600h-06FFhx42,03000h-03000h -AMEDIUMCONST=0600h-03000h \
  -ACOMRAM=01h-05Fh -AABS1=00h-05FFh -ABIGRAM=01h-05FFh \
  -ARAM=060h-0FFh,0100h-01FFhx5 -ABANK0=060h-0FFh -ABANK1=0100h-01FFh \
  -ABANK2=0200h-02FFh -ABANK3=0300h-03FFh -ABANK4=0400h-04FFh \
  -ABANK5=0500h-05FFh -ASFR=0D00h-0DFFhx2,0F00h-0F5Fh,0F60h-0FFFh \
  -ABIGSFR=0D00h-0FFFh -ACONFIG=0300000h-030000Dh -AIDLOC=0200000h-0200007h \
  -AEEDATA=0F00000h-0F000FFh -peeprom_data=EEDATA \
  -preset_vec=00h,intcode,sivt_hi,intcodelo,sivt_lo,powerup,init \
  -pramtop=0600h -psmallconst=SMALLCONST -pmediumconst=MEDIUMCONST \
  -pconst=CONST -AFARRAM=00h-00h \
  -prdata=COMRAM,nvrram=COMRAM,nvbit=COMRAM,rbss=COMRAM,rbit=COMRAM \
  -pfarbss=FARRAM,fardata=FARRAM,nvFARRAM=FARRAM \
  -pintsave_regs=BIGRAM,bigbss=BIGRAM,bigdata=BIGRAM -pbss=RAM \
  -pidata=CODE,irdata=CODE,ibigdata=CODE,ifardata=CODE -prparam=COMRAM \
  C:\Users\user\AppData\Local\Temp\xcCs56k.2\driver_tmp_9.o \
  dist/default/production\01_Car_Black_Box.X.production.o 

Object code version is 3.11

Machine type is 18F4580



                Name                               Link     Load   Length Selector   Space Scale
C:\Users\user\AppData\Local\Temp\xcCs56k.2\driver_tmp_9.o
                idloc                            200000   200000        8        0       5
                config                           300000   300000        E        0       4
                init                                  0        0        4        0       0
dist/default/production\01_Car_Black_Box.X.production.o
                idloc                            200000   200000        8        0       5
                config                           300000   300000        E        0       4
                mediumconst                        2CAC     2CAC      354     1656       0
                text52                             1580     1580       A4      AC0       0
                text51                             13D6     13D6       88      9EB       0
                text50                              EA0      EA0       32      750       0
                text49                             120C     120C       6C      906       0
                text48                              D3A      D3A       18      69D       0
                text47                              D52      D52       18      6A9       0
                text46                             107C     107C       5E      83E       0
                text45                             1C90     1C90      108      E48       0
                text44                             12E4     12E4       74      972       0
                text43                              E40      E40       30      720       0
                text42                              F06      F06       40      783       0
                text41                             14EC     14EC       94      A76       0
                text40                             2270     2270      2DE     1138       0
                text39                              FD4      FD4       54      7EA       0
                text38                              CEE      CEE       12      677       0
                text37                              CB6      CB6        8      65B       0
                text36                              CBE      CBE        8      65F       0
                text35                              CD6      CD6        C      66B       0
                text34                             1028     1028       54      814       0
                text33                             1EA2     1EA2      114      F51       0
                text32                             1D98     1D98      10A      ECC       0
                text31                              E70      E70       30      738       0
                text30                             254E     254E      37C     12A7       0
                text29                             1790     1790       C2      BC8       0
                text28                             1624     1624       AE      B12       0
                text27                              D86      D86       1E      6C3       0
                text26                             28CA     28CA      3E2     1465       0
                text25                             16D2     16D2       BE      B69       0
                text24                             1FB6     1FB6      2BA      FDB       0
                text23                              CB0      CB0        6      658       0
                text22                              CC6      CC6        8      663       0
                text21                              CE2      CE2        C      671       0
                text20                              CCE      CCE        8      667       0
                text19                              DEC      DEC       2A      6F6       0
                text18                             10DA     10DA       62      86D       0
                text17                              D6A      D6A       1C      6B5       0
                text16                              ED2      ED2       34      769       0
                text15                              E16      E16       2A      70B       0
                text14                              F8C      F8C       48      7C6       0
                text13                              D24      D24       16      692       0
                text12                              D00      D00       12      680       0
                text11                              D12      D12       12      689       0
                text10                             1852     1852       C6      C29       0
                text9                               DA4      DA4       20      6D2       0
                text8                              145E     145E       8E      A2F       0
                text7                              11A2     11A2       6A      8D1       0
                text6                              1918     1918       C8      C8C       0
                text5                              1AB4     1AB4       D6      D5A       0
                text4                              1358     1358       7E      9AC       0
                text3                               F46      F46       46      7A3       0
                text2                              1B8A     1B8A      106      DC5       0
                text1                               DC4      DC4       28      6E2       0
                text0                              19E0     19E0       D4      CF0       0
                cstackCOMRAM                         2F       2F       2E        1       1
                bssBANK1                            100      100       96      100       1
                dataBANK0                            60       60       66       60       1
                bssBANK0                             C6       C6       23       60       1
                dataCOMRAM                           5D       5D        3        1       1
                bssCOMRAM                             1        1       2E        1       1
                cinit                              1278     1278       6C      93C       0
                idataBANK0                         113C     113C       66     113C       0
                idataCOMRAM                         CAD      CAD        3      CAD       0

TOTAL           Name                               Link     Load   Length     Space
        CLASS   CODE           
                init                                  0        0        4         0
                text52                             1580     1580       A4         0
                text51                             13D6     13D6       88         0
                text50                              EA0      EA0       32         0
                text49                             120C     120C       6C         0
                text48                              D3A      D3A       18         0
                text47                              D52      D52       18         0
                text46                             107C     107C       5E         0
                text45                             1C90     1C90      108         0
                text44                             12E4     12E4       74         0
                text43                              E40      E40       30         0
                text42                              F06      F06       40         0
                text41                             14EC     14EC       94         0
                text40                             2270     2270      2DE         0
                text39                              FD4      FD4       54         0
                text38                              CEE      CEE       12         0
                text37                              CB6      CB6        8         0
                text36                              CBE      CBE        8         0
                text35                              CD6      CD6        C         0
                text34                             1028     1028       54         0
                text33                             1EA2     1EA2      114         0
                text32                             1D98     1D98      10A         0
                text31                              E70      E70       30         0
                text30                             254E     254E      37C         0
                text29                             1790     1790       C2         0
                text28                             1624     1624       AE         0
                text27                              D86      D86       1E         0
                text26                             28CA     28CA      3E2         0
                text25                             16D2     16D2       BE         0
                text24                             1FB6     1FB6      2BA         0
                text23                              CB0      CB0        6         0
                text22                              CC6      CC6        8         0
                text21                              CE2      CE2        C         0
                text20                              CCE      CCE        8         0
                text19                              DEC      DEC       2A         0
                text18                             10DA     10DA       62         0
                text17                              D6A      D6A       1C         0
                text16                              ED2      ED2       34         0
                text15                              E16      E16       2A         0
                text14                              F8C      F8C       48         0
                text13                              D24      D24       16         0
                text12                              D00      D00       12         0
                text11                              D12      D12       12         0
                text10                             1852     1852       C6         0
                text9                               DA4      DA4       20         0
                text8                              145E     145E       8E         0
                text7                              11A2     11A2       6A         0
                text6                              1918     1918       C8         0
                text5                              1AB4     1AB4       D6         0
                text4                              1358     1358       7E         0
                text3                               F46      F46       46         0
                text2                              1B8A     1B8A      106         0
                text1                               DC4      DC4       28         0
                text0                              19E0     19E0       D4         0
                cinit                              1278     1278       6C         0
                idataBANK0                         113C     113C       66         0
                idataCOMRAM                         CAD      CAD        3         0

        CLASS   CONST          

        CLASS   SMALLCONST     

        CLASS   MEDIUMCONST    
                mediumconst                        2CAC     2CAC      354         0

        CLASS   COMRAM         
                cstackCOMRAM                         2F       2F       2E         1
                dataCOMRAM                           5D       5D        3         1
                bssCOMRAM                             1        1       2E         1

        CLASS   ABS1           

        CLASS   BIGRAM         

        CLASS   RAM            

        CLASS   BANK0          
                dataBANK0                            60       60       66         1
                bssBANK0                             C6       C6       23         1

        CLASS   BANK1          
                bssBANK1                            100      100       96         1

        CLASS   BANK2          

        CLASS   BANK3          

        CLASS   BANK4          

        CLASS   BANK5          

        CLASS   SFR            

        CLASS   BIGSFR         

        CLASS   CONFIG         
                config                           300000   300000        E         4

        CLASS   IDLOC          
                idloc                            200000   200000        8         5

        CLASS   EEDATA         

        CLASS   FARRAM         

        CLASS   HEAP           

        CLASS   STACK          



SEGMENTS        Name                           Load    Length   Top    Selector   Space  Class

                reset_vec                      000000  000004  000004         0       0  CODE    
                bssCOMRAM                      000001  00005F  000060         1       1  COMRAM  
                dataBANK0                      000060  000089  0000E9        60       1  BANK0   
                bssBANK1                       000100  000096  000196       100       1  BANK1   
                idataCOMRAM                    000CAD  000003  000CB0       CAD       0  CODE    
                text23                         000CB0  000006  000CB6       658       0  CODE    
                text37                         000CB6  000008  000CBE       65B       0  CODE    
                text36                         000CBE  000008  000CC6       65F       0  CODE    
                text22                         000CC6  000008  000CCE       663       0  CODE    
                text20                         000CCE  000008  000CD6       667       0  CODE    
                text35                         000CD6  00000C  000CE2       66B       0  CODE    
                text21                         000CE2  00000C  000CEE       671       0  CODE    
                text38                         000CEE  000012  000D00       677       0  CODE    
                text12                         000D00  000012  000D12       680       0  CODE    
                text11                         000D12  000012  000D24       689       0  CODE    
                text13                         000D24  000016  000D3A       692       0  CODE    
                text48                         000D3A  000018  000D52       69D       0  CODE    
                text47                         000D52  000018  000D6A       6A9       0  CODE    
                text17                         000D6A  00001C  000D86       6B5       0  CODE    
                text27                         000D86  00001E  000DA4       6C3       0  CODE    
                text9                          000DA4  000020  000DC4       6D2       0  CODE    
                text1                          000DC4  000028  000DEC       6E2       0  CODE    
                text19                         000DEC  00002A  000E16       6F6       0  CODE    
                text15                         000E16  00002A  000E40       70B       0  CODE    
                text43                         000E40  000030  000E70       720       0  CODE    
                text31                         000E70  000030  000EA0       738       0  CODE    
                text50                         000EA0  000032  000ED2       750       0  CODE    
                text16                         000ED2  000034  000F06       769       0  CODE    
                text42                         000F06  000040  000F46       783       0  CODE    
                text3                          000F46  000046  000F8C       7A3       0  CODE    
                text14                         000F8C  000048  000FD4       7C6       0  CODE    
                text39                         000FD4  000054  001028       7EA       0  CODE    
                text34                         001028  000054  00107C       814       0  CODE    
                text46                         00107C  00005E  0010DA       83E       0  CODE    
                text18                         0010DA  000062  00113C       86D       0  CODE    
                idataBANK0                     00113C  000066  0011A2      113C       0  CODE    
                text7                          0011A2  00006A  00120C       8D1       0  CODE    
                text49                         00120C  00006C  001278       906       0  CODE    
                cinit                          001278  00006C  0012E4       93C       0  CODE    
                text44                         0012E4  000074  001358       972       0  CODE    
                text4                          001358  00007E  0013D6       9AC       0  CODE    
                text51                         0013D6  000088  00145E       9EB       0  CODE    
                text8                          00145E  00008E  0014EC       A2F       0  CODE    
                text41                         0014EC  000094  001580       A76       0  CODE    
                text52                         001580  0000A4  001624       AC0       0  CODE    
                text28                         001624  0000AE  0016D2       B12       0  CODE    
                text25                         0016D2  0000BE  001790       B69       0  CODE    
                text29                         001790  0000C2  001852       BC8       0  CODE    
                text10                         001852  0000C6  001918       C29       0  CODE    
                text6                          001918  0000C8  0019E0       C8C       0  CODE    
                text0                          0019E0  0000D4  001AB4       CF0       0  CODE    
                text5                          001AB4  0000D6  001B8A       D5A       0  CODE    
                text2                          001B8A  000106  001C90       DC5       0  CODE    
                text45                         001C90  000108  001D98       E48       0  CODE    
                text32                         001D98  00010A  001EA2       ECC       0  CODE    
                text33                         001EA2  000114  001FB6       F51       0  CODE    
                text24                         001FB6  0002BA  002270       FDB       0  CODE    
                text40                         002270  0002DE  00254E      1138       0  CODE    
                text30                         00254E  00037C  0028CA      12A7       0  CODE    
                text26                         0028CA  0003E2  002CAC      1465       0  CODE    
                mediumconst                    002CAC  000354  003000      1656       0  MEDIUMCO


UNUSED ADDRESS RANGES

        Name                Unused          Largest block    Delta
        BANK0            0000E9-0000FF               17
        BANK1            000196-0001FF               6A
        BANK2            000200-0002FF              100
        BANK3            000300-0003FF              100
        BANK4            000400-0004FF              100
        BANK5            000500-0005FF              100
        BIGRAM           0000E9-0000FF               17
                         000196-0005FF              46A
        BIGSFR           000D00-000FFF              300
        CODE             000004-000CAC              CA9
                         003000-003000                1
        CONST            000004-000CAC              CA9
                         003000-003000                1
        EEDATA           F00000-F000FF              100
        MEDIUMCONST      000600-000CAC              6AD
                         003000-003000                1
        RAM              0000E9-0000FF               17
                         000196-0005FF              100
        SFR              000D00-000FFF              100
        SMALLCONST       000600-000CAC              100
                         003000-003000                1

                                  Symbol Table

?___awdiv                            cstackCOMRAM 00002F
?___awmod                            cstackCOMRAM 00002F
?___lldiv                            cstackCOMRAM 00003B
?___llmod                            cstackCOMRAM 000048
?___lmul                             cstackCOMRAM 00002F
?_read_adc                           cstackCOMRAM 00002F
?_strcmp                             cstackCOMRAM 00002F
_ACKDT                               (abs)        007E2D
_ACKEN                               (abs)        007E2C
_ACQT0                               (abs)        007E03
_ACQT1                               (abs)        007E04
_ACQT2                               (abs)        007E05
_ADCON0                              (abs)        000FC2
_ADCON1                              (abs)        000FC1
_ADCS0                               (abs)        007E00
_ADCS1                               (abs)        007E01
_ADCS2                               (abs)        007E02
_ADFM                                (abs)        007E07
_ADON                                (abs)        007E10
_ADRESH                              (abs)        000FC4
_ADRESL                              (abs)        000FC3
_BCLIF                               (abs)        007D0B
_BRG16                               (abs)        007DC3
_BRGH                                (abs)        007D62
_CKE                                 (abs)        007E3E
_CREN                                (abs)        007D5C
_EEADR                               (abs)        000FA9
_EECON1bits                          (abs)        000FA6
_EECON2                              (abs)        000FA7
_EEDATA                              (abs)        000FA8
_Events                              dataBANK0    000060
_GIE                                 (abs)        007F97
_GO                                  (abs)        007E11
_GODONE                              (abs)        007E11
_PEN                                 (abs)        007E2A
_PIR2bits                            (abs)        000FA1
_PORTB                               (abs)        000F81
_PORTBbits                           (abs)        000F81
_PORTCbits                           (abs)        000F82
_PORTD                               (abs)        000F83
_PORTDbits                           (abs)        000F83
_RBPU                                (abs)        007F8F
_RCEN                                (abs)        007E2B
_RCIF                                (abs)        007CF5
_RSEN                                (abs)        007E29
_RX9                                 (abs)        007D5E
_SEN                                 (abs)        007E28
_SENDB                               (abs)        007D63
_SMP                                 (abs)        007E3F
_SPBRG                               (abs)        000FAF
_SPEN                                (abs)        007D5F
_SSPADD                              (abs)        000FC8
_SSPBUF                              (abs)        000FC9
_SSPCON1                             (abs)        000FC6
_SSPIF                               (abs)        007CF3
_SYNC                                (abs)        007D64
_TRISB                               (abs)        000F93
_TRISC                               (abs)        000F94
_TRISC3                              (abs)        007CA3
_TRISC4                              (abs)        007CA4
_TRISC6                              (abs)        007CA6
_TRISC7                              (abs)        007CA7
_TRISD                               (abs)        000F95
_TRISD7                              (abs)        007CAF
_TX9                                 (abs)        007D66
_TXEN                                (abs)        007D65
_TXIF                                (abs)        007CF4
_TXREG                               (abs)        000FAD
_VCFG0                               (abs)        007E0C
_VCFG1                               (abs)        007E0D
__HRAM                               (abs)        000000
__H__absolute__                      __absolute__ 000000
__Habs1                              abs1         000000
__Hbank0                             bank0        000000
__Hbank1                             bank1        000000
__Hbank2                             bank2        000000
__Hbank3                             bank3        000000
__Hbank4                             bank4        000000
__Hbank5                             bank5        000000
__Hbigbss                            bigbss       000000
__Hbigdata                           bigdata      000000
__Hbigram                            bigram       000000
__Hbigsfr                            bigsfr       000000
__Hbss                               bss          000000
__HbssBANK0                          bssBANK0     000000
__HbssBANK1                          bssBANK1     000000
__HbssCOMRAM                         bssCOMRAM    000000
__Hcinit                             cinit        000000
__Hclrtext                           clrtext      000000
__Hcomram                            comram       000000
__Hconfig                            config       30000E
__Hconst                             const        000000
__HcstackCOMRAM                      cstackCOMRAM 000000
__Hdata                              data         000000
__HdataBANK0                         dataBANK0    000000
__HdataCOMRAM                        dataCOMRAM   000000
__Heeprom_data                       eeprom_data  000000
__Hfarbss                            farbss       000000
__Hfardata                           fardata      000000
__Hheap                              heap         000000
__Hibigdata                          ibigdata     000000
__Hidata                             idata        000000
__HidataBANK0                        idataBANK0   000000
__HidataCOMRAM                       idataCOMRAM  000000
__Hidloc                             idloc        200008
__Hifardata                          ifardata     000000
__Hinit                              init         000004
__Hintcode                           intcode      000000
__Hintcode_body                      intcode_body 000000
__Hintcodelo                         intcodelo    000000
__Hintentry                          intentry     000000
__Hintret                            intret       000000
__Hintsave_regs                      intsave_regs 000000
__Hirdata                            irdata       000000
__Hmediumconst                       mediumconst  003000
__HnvFARRAM                          nvFARRAM     000000
__Hnvbit                             nvbit        000000
__Hnvrram                            nvrram       000000
__Hparam                             rparam       000000
__Hpowerup                           powerup      000000
__Hram                               ram          000000
__Hramtop                            ramtop       000600
__Hrbit                              rbit         000000
__Hrbss                              rbss         000000
__Hrdata                             rdata        000000
__Hreset_vec                         reset_vec    000000
__Hrparam                            rparam       000000
__Hsfr                               sfr          000000
__Hsivt_hi                           sivt_hi      000000
__Hsivt_lo                           sivt_lo      000000
__Hsmallconst                        smallconst   000000
__Hspace_0                           (abs)        003000
__Hspace_1                           (abs)        000196
__Hspace_2                           (abs)        000000
__Hspace_4                           (abs)        60000E
__Hstack                             stack        000000
__Hstruct                            struct       000000
__Htemp                              temp         000000
__Htext                              text         000000
__Htext0                             text0        000000
__Htext1                             text1        000000
__Htext10                            text10       000000
__Htext11                            text11       000000
__Htext12                            text12       000000
__Htext13                            text13       000000
__Htext14                            text14       000000
__Htext15                            text15       000000
__Htext16                            text16       000000
__Htext17                            text17       000000
__Htext18                            text18       000000
__Htext19                            text19       000000
__Htext2                             text2        000000
__Htext20                            text20       000000
__Htext21                            text21       000000
__Htext22                            text22       000000
__Htext23                            text23       000000
__Htext24                            text24       000000
__Htext25                            text25       000000
__Htext26                            text26       000000
__Htext27                            text27       000000
__Htext28                            text28       000000
__Htext29                            text29       000000
__Htext3                             text3        000000
__Htext30                            text30       000000
__Htext31                            text31       000000
__Htext32                            text32       000000
__Htext33                            text33       000000
__Htext34                            text34       000000
__Htext35                            text35       000000
__Htext36                            text36       000000
__Htext37                            text37       000000
__Htext38                            text38       000000
__Htext39                            text39       000000
__Htext4                             text4        000000
__Htext40                            text40       000000
__Htext41                            text41       000000
__Htext42                            text42       000000
__Htext43                            text43       000000
__Htext44                            text44       000000
__Htext45                            text45       000000
__Htext46                            text46       000000
__Htext47                            text47       000000
__Htext48                            text48       000000
__Htext49                            text49       000000
__Htext5                             text5        000000
__Htext50                            text50       000000
__Htext51                            text51       000000
__Htext52                            text52       000000
__Htext6                             text6        000000
__Htext7                             text7        000000
__Htext8                             text8        000000
__Htext9                             text9        000000
__LRAM                               (abs)        000001
__L__absolute__                      __absolute__ 000000
__Labs1                              abs1         000000
__Lbank0                             bank0        000000
__Lbank1                             bank1        000000
__Lbank2                             bank2        000000
__Lbank3                             bank3        000000
__Lbank4                             bank4        000000
__Lbank5                             bank5        000000
__Lbigbss                            bigbss       000000
__Lbigdata                           bigdata      000000
__Lbigram                            bigram       000000
__Lbigsfr                            bigsfr       000000
__Lbss                               bss          000000
__LbssBANK0                          bssBANK0     000000
__LbssBANK1                          bssBANK1     000000
__LbssCOMRAM                         bssCOMRAM    000000
__Lcinit                             cinit        000000
__Lclrtext                           clrtext      000000
__Lcomram                            comram       000000
__Lconfig                            config       000000
__Lconst                             const        000000
__LcstackCOMRAM                      cstackCOMRAM 000000
__Ldata                              data         000000
__LdataBANK0                         dataBANK0    000000
__LdataCOMRAM                        dataCOMRAM   000000
__Leeprom_data                       eeprom_data  000000
__Lfarbss                            farbss       000000
__Lfardata                           fardata      000000
__Lheap                              heap         000000
__Libigdata                          ibigdata     000000
__Lidata                             idata        000000
__LidataBANK0                        idataBANK0   000000
__LidataCOMRAM                       idataCOMRAM  000000
__Lidloc                             idloc        000000
__Lifardata                          ifardata     000000
__Linit                              init         000000
__Lintcode                           intcode      000000
__Lintcode_body                      intcode_body 000000
__Lintcodelo                         intcodelo    000000
__Lintentry                          intentry     000000
__Lintret                            intret       000000
__Lintsave_regs                      intsave_regs 000000
__Lirdata                            irdata       000000
__Lmediumconst                       mediumconst  002CAC
__LnvFARRAM                          nvFARRAM     000000
__Lnvbit                             nvbit        000000
__Lnvrram                            nvrram       000000
__Lparam                             rparam       000000
__Lpowerup                           powerup      000000
__Lram                               ram          000000
__Lramtop                            ramtop       000600
__Lrbit                              rbit         000000
__Lrbss                              rbss         000000
__Lrdata                             rdata        000000
__Lreset_vec                         reset_vec    000000
__Lrparam                            rparam       000000
__Lsfr                               sfr          000000
__Lsivt_hi                           sivt_hi      000000
__Lsivt_lo                           sivt_lo      000000
__Lsmallconst                        smallconst   000000
__Lspace_0                           (abs)        000000
__Lspace_1                           (abs)        000000
__Lspace_2                           (abs)        000000
__Lspace_4                           (abs)        000000
__Lstack                             stack        000000
__Lstruct                            struct       000000
__Ltemp                              temp         000000
__Ltext                              text         000000
__Ltext0                             text0        000000
__Ltext1                             text1        000000
__Ltext10                            text10       000000
__Ltext11                            text11       000000
__Ltext12                            text12       000000
__Ltext13                            text13       000000
__Ltext14                            text14       000000
__Ltext15                            text15       000000
__Ltext16                            text16       000000
__Ltext17                            text17       000000
__Ltext18                            text18       000000
__Ltext19                            text19       000000
__Ltext2                             text2        000000
__Ltext20                            text20       000000
__Ltext21                            text21       000000
__Ltext22                            text22       000000
__Ltext23                            text23       000000
__Ltext24                            text24       000000
__Ltext25                            text25       000000
__Ltext26                            text26       000000
__Ltext27                            text27       000000
__Ltext28                            text28       000000
__Ltext29                            text29       000000
__Ltext3                             text3        000000
__Ltext30                            text30       000000
__Ltext31                            text31       000000
__Ltext32                            text32       000000
__Ltext33                            text33       000000
__Ltext34                            text34       000000
__Ltext35                            text35       000000
__Ltext36                            text36       000000
__Ltext37                            text37       000000
__Ltext38                            text38       000000
__Ltext39                            text39       000000
__Ltext4                             text4        000000
__Ltext40                            text40       000000
__Ltext41                            text41       000000
__Ltext42                            text42       000000
__Ltext43                            text43       000000
__Ltext44                            text44       000000
__Ltext45                            text45       000000
__Ltext46                            text46       000000
__Ltext47                            text47       000000
__Ltext48                            text48       000000
__Ltext49                            text49       000000
__Ltext5                             text5        000000
__Ltext50                            text50       000000
__Ltext51                            text51       000000
__Ltext52                            text52       000000
__Ltext6                             text6        000000
__Ltext7                             text7        000000
__Ltext8                             text8        000000
__Ltext9                             text9        000000
__S0                                 (abs)        003000
__S1                                 (abs)        000196
__S4                                 (abs)        000000
__S5                                 (abs)        000000
___awdiv                             text29       001790
___awdiv@counter                     cstackCOMRAM 000033
___awdiv@dividend                    cstackCOMRAM 00002F
___awdiv@divisor                     cstackCOMRAM 000031
___awdiv@quotient                    cstackCOMRAM 000035
___awdiv@sign                        cstackCOMRAM 000034
___awmod                             text28       001624
___awmod@counter                     cstackCOMRAM 000033
___awmod@dividend                    cstackCOMRAM 00002F
___awmod@divisor                     cstackCOMRAM 000031
___awmod@sign                        cstackCOMRAM 000034
___heap_hi                           (abs)        000000
___heap_lo                           (abs)        000000
___inthi_sp                          stack        000000
___inthi_stack_hi                    stack        000000
___inthi_stack_lo                    stack        000000
___intlo_sp                          stack        000000
___intlo_stack_hi                    stack        000000
___intlo_stack_lo                    stack        000000
___lldiv                             text52       001580
___lldiv@counter                     cstackCOMRAM 000047
___lldiv@dividend                    cstackCOMRAM 00003B
___lldiv@divisor                     cstackCOMRAM 00003F
___lldiv@quotient                    cstackCOMRAM 000043
___llmod                             text51       0013D6
___llmod@counter                     cstackCOMRAM 000050
___llmod@dividend                    cstackCOMRAM 000048
___llmod@divisor                     cstackCOMRAM 00004C
___lmul                              text7        0011A2
___lmul@multiplicand                 cstackCOMRAM 000033
___lmul@multiplier                   cstackCOMRAM 00002F
___lmul@product                      cstackCOMRAM 000037
___param_bank                        (abs)        000000
___rparam_used                       (abs)        000001
___sp                                stack        000000
___stack_hi                          stack        000000
___stack_lo                          stack        000000
__accesstop                          (abs)        000060
__activetblptr                       (abs)        000002
__end_of___awdiv                     text29       001852
__end_of___awmod                     text28       0016D2
__end_of___lldiv                     text52       001624
__end_of___llmod                     text51       00145E
__end_of___lmul                      text7        00120C
__end_of__initialization             cinit        0012DA
__end_of_check_password              text40       00254E
__end_of_clcd_print                  text49       001278
__end_of_clcd_putch                  text48       000D52
__end_of_clcd_screen_data            text6        0019E0
__end_of_clcd_write                  text50       000ED2
__end_of_clear_log                   text33       001FB6
__end_of_display_main_menu           text24       002270
__end_of_download_log                text32       001EA2
__end_of_event_reader                text2        001C90
__end_of_event_store                 text5        001B8A
__end_of_get_logs                    text18       00113C
__end_of_get_time                    text4        0013D6
__end_of_i2c_idle                    text38       000D00
__end_of_i2c_no_ack                  text23       000CB6
__end_of_i2c_read                    text21       000CEE
__end_of_i2c_rep_start               text20       000CD6
__end_of_i2c_rx_mode                 text22       000CCE
__end_of_i2c_start                   text37       000CBE
__end_of_i2c_stop                    text36       000CC6
__end_of_i2c_write                   text35       000CE2
__end_of_init_adc                    text17       000D86
__end_of_init_clcd                   text16       000F06
__end_of_init_ds1307                 text14       000FD4
__end_of_init_i2c                    text13       000D3A
__end_of_init_matrix_keypad          text12       000D12
__end_of_init_password               text10       001918
__end_of_init_uart                   text9        000DC4
__end_of_int_config                  text8        0014EC
__end_of_main                        text0        001AB4
__end_of_memset                      text43       000E70
__end_of_putch                       text47       000D6A
__end_of_puts                        text46       0010DA
__end_of_read_adc                    text3        000F8C
__end_of_read_ds1307                 text15       000E40
__end_of_read_external_eeprom        text19       000E16
__end_of_read_internal_eeprom        text11       000D24
__end_of_read_switches               text44       001358
__end_of_reset_initial_password_data text42       000F46
__end_of_reset_password              text30       0028CA
__end_of_scan_key                    text45       001D98
__end_of_set_time                    text26       002CAC
__end_of_strcmp                      text41       001580
__end_of_strcpy                      text39       001028
__end_of_view_dashboard              text1        000DEC
__end_of_view_log                    text25       001790
__end_of_write_ds1307                text27       000DA4
__end_of_write_external_eeprom       text34       00107C
__end_of_write_internal_eeprom       text31       000EA0
__initialization                     cinit        001278
__mediumconst                        mediumconst  002CAC
__pbssBANK0                          bssBANK0     0000C6
__pbssBANK1                          bssBANK1     000100
__pbssCOMRAM                         bssCOMRAM    000001
__pcinit                             cinit        001278
__pcstackCOMRAM                      cstackCOMRAM 00002F
__pdataBANK0                         dataBANK0    000060
__pdataCOMRAM                        dataCOMRAM   00005D
__pidataBANK0                        idataBANK0   00113C
__pidataCOMRAM                       idataCOMRAM  000CAD
__pmediumconst                       mediumconst  002CAC
__ptext0                             text0        0019E0
__ptext1                             text1        000DC4
__ptext10                            text10       001852
__ptext11                            text11       000D12
__ptext12                            text12       000D00
__ptext13                            text13       000D24
__ptext14                            text14       000F8C
__ptext15                            text15       000E16
__ptext16                            text16       000ED2
__ptext17                            text17       000D6A
__ptext18                            text18       0010DA
__ptext19                            text19       000DEC
__ptext2                             text2        001B8A
__ptext20                            text20       000CCE
__ptext21                            text21       000CE2
__ptext22                            text22       000CC6
__ptext23                            text23       000CB0
__ptext24                            text24       001FB6
__ptext25                            text25       0016D2
__ptext26                            text26       0028CA
__ptext27                            text27       000D86
__ptext28                            text28       001624
__ptext29                            text29       001790
__ptext3                             text3        000F46
__ptext30                            text30       00254E
__ptext31                            text31       000E70
__ptext32                            text32       001D98
__ptext33                            text33       001EA2
__ptext34                            text34       001028
__ptext35                            text35       000CD6
__ptext36                            text36       000CBE
__ptext37                            text37       000CB6
__ptext38                            text38       000CEE
__ptext39                            text39       000FD4
__ptext4                             text4        001358
__ptext40                            text40       002270
__ptext41                            text41       0014EC
__ptext42                            text42       000F06
__ptext43                            text43       000E40
__ptext44                            text44       0012E4
__ptext45                            text45       001C90
__ptext46                            text46       00107C
__ptext47                            text47       000D52
__ptext48                            text48       000D3A
__ptext49                            text49       00120C
__ptext5                             text5        001AB4
__ptext50                            text50       000EA0
__ptext51                            text51       0013D6
__ptext52                            text52       001580
__ptext6                             text6        001918
__ptext7                             text7        0011A2
__ptext8                             text8        00145E
__ptext9                             text9        000DA4
__ramtop                             ramtop       000600
__smallconst                         smallconst   000000
_arrow_count                         bssCOMRAM    00000E
_chance                              bssCOMRAM    000014
_check_password                      text40       002270
_clcd_print                          text49       00120C
_clcd_putch                          text48       000D3A
_clcd_screen_char                    bssBANK0     0000C6
_clcd_screen_data                    text6        001918
_clcd_write                          text50       000EA0
_clear_log                           text33       001EA2
_clock_reg                           bssCOMRAM    000009
_count_view                          bssCOMRAM    00000C
_cursur                              bssCOMRAM    000024
_delay                               bssCOMRAM    000001
_detected_key                        bssCOMRAM    000022
_display_main_menu                   text24       001FB6
_download_log                        text32       001D98
_eeprom_address                      bssCOMRAM    000019
_event_reader                        text2        001B8A
_event_store                         text5        001AB4
_gear                                dataCOMRAM   00005D
_get_logs                            text18       0010DA
_get_time                            text4        001358
_hur_count                           bssCOMRAM    00001B
_i                                   bssCOMRAM    000020
_i2c_idle                            text38       000CEE
_i2c_no_ack                          text23       000CB0
_i2c_read                            text21       000CE2
_i2c_rep_start                       text20       000CCE
_i2c_rx_mode                         text22       000CC6
_i2c_start                           text37       000CB6
_i2c_stop                            text36       000CBE
_i2c_write                           text35       000CD6
_init_adc                            text17       000D6A
_init_clcd                           text16       000ED2
_init_ds1307                         text14       000F8C
_init_i2c                            text13       000D24
_init_matrix_keypad                  text12       000D00
_init_password                       text10       001852
_init_uart                           text9        000DA4
_int_config                          text8        00145E
_j                                   bssCOMRAM    00001F
_key                                 bssCOMRAM    000021
_log_data                            bssBANK1     000100
_main                                text0        0019E0
_memset                              text43       000E40
_menu_count                          bssCOMRAM    000010
_menu_flag                           bssCOMRAM    000012
_menu_list                           dataBANK0    00007B
_min_count                           bssCOMRAM    00001C
_pass_count                          bssCOMRAM    000023
_pass_delay                          bssCOMRAM    000016
_pass_index                          bssCOMRAM    000025
_password                            bssBANK0     0000E4
_password_flag                       bssCOMRAM    00001E
_putch                               text47       000D52
_puts                                text46       00107C
_read_adc                            text3        000F46
_read_ds1307                         text15       000E16
_read_external_eeprom                text19       000DEC
_read_internal_eeprom                text11       000D12
_read_switches                       text44       0012E4
_reset_initial_password_data         text42       000F06
_reset_password                      text30       00254E
_scan_key                            text45       001C90
_sec_count                           bssCOMRAM    00001D
_set_time                            text26       0028CA
_speed                               bssCOMRAM    000005
_star_arr                            dataBANK0    0000C1
_strcmp                              text41       0014EC
_strcpy                              text39       000FD4
_time                                bssCOMRAM    000026
_time_fild                           bssCOMRAM    00001A
_user_password                       bssBANK0     0000DF
_view_dashboard                      text1        000DC4
_view_log                            text25       0016D2
_write_ds1307                        text27       000D86
_write_external_eeprom               text34       001028
_write_internal_eeprom               text31       000E70
check_password@hold_pass             cstackCOMRAM 000055
check_password@wait_pass             cstackCOMRAM 000059
clcd_print@addr                      cstackCOMRAM 000033
clcd_print@data                      cstackCOMRAM 000031
clcd_putch@addr                      cstackCOMRAM 000051
clcd_putch@data                      cstackCOMRAM 000052
clcd_write@byte                      cstackCOMRAM 000030
clcd_write@control_bit               cstackCOMRAM 00002F
display_main_menu@detected_key       cstackCOMRAM 000058
end_of_initialization                cinit        0012DA
event_reader@detected_key            cstackCOMRAM 000051
i2c_write@data                       cstackCOMRAM 00002F
init_ds1307@dummy                    cstackCOMRAM 000039
init_password@verify                 bssBANK0     0000D5
intlevel0                            text         000000
intlevel1                            text         000000
intlevel2                            text         000000
intlevel3                            text         000000
isa$std                              (abs)        000001
isa$xinst                            (abs)        000000
memset@c                             cstackCOMRAM 000030
memset@dest                          cstackCOMRAM 00002F
memset@n                             cstackCOMRAM 000032
memset@p                             cstackCOMRAM 000034
putch@byte                           cstackCOMRAM 00002F
puts@s                               cstackCOMRAM 000030
read_adc@channel                     cstackCOMRAM 000035
read_adc@reg_val                     cstackCOMRAM 000033
read_ds1307@address                  cstackCOMRAM 000030
read_ds1307@data                     cstackCOMRAM 000031
read_external_eeprom@address         cstackCOMRAM 000030
read_external_eeprom@data            cstackCOMRAM 000031
read_internal_eeprom@address         cstackCOMRAM 00002F
read_switches@detection_type         cstackCOMRAM 00002F
read_switches@key                    bssCOMRAM    000018
read_switches@once                   dataCOMRAM   00005F
reset_password@delay                 cstackCOMRAM 000037
set_time@detected_key                cstackCOMRAM 00003D
stackhi                              (abs)        000000
stacklo                              (abs)        000000
start                                init         000000
start_initialization                 cinit        001278
strcmp@l                             cstackCOMRAM 00002F
strcmp@r                             cstackCOMRAM 000030
strcpy@d                             cstackCOMRAM 000035
strcpy@dest                          cstackCOMRAM 00002F
strcpy@src                           cstackCOMRAM 000031
view_dashboard@detected_key          cstackCOMRAM 000052
view_log@detected_key                cstackCOMRAM 000055
write_ds1307@address                 cstackCOMRAM 000038
write_ds1307@data                    cstackCOMRAM 000037
write_external_eeprom@address        cstackCOMRAM 000037
write_external_eeprom@data           cstackCOMRAM 000032
write_external_eeprom@wait           cstackCOMRAM 000033
write_internal_eeprom@address        cstackCOMRAM 000030
write_internal_eeprom@data           cstackCOMRAM 00002F


MODULE INFORMATION

Module		Function		Class		Link	Load	Size
password.c
		_reset_password		CODE           	254E	0000	892
		_check_password		CODE           	2270	0000	734
		_init_password 		CODE           	1852	0000	198
		_reset_initial_password_data		CODE           	0F06	0000	64

password.c estimated size: 1888

internal_eeprom.c
		_read_internal_eeprom		CODE           	0D12	0000	18
		_write_internal_eeprom		CODE           	0E70	0000	48

internal_eeprom.c estimated size: 66

matrix_keypad.c
		_init_matrix_keypad		CODE           	0D00	0000	18
		_read_switches 		CODE           	12E4	0000	116
		_scan_key      		CODE           	1C90	0000	264

matrix_keypad.c estimated size: 398

uart.c
		_putch         		CODE           	0D52	0000	24
		_init_uart     		CODE           	0DA4	0000	32
		_puts          		CODE           	107C	0000	94

uart.c estimated size: 150

External_eeprom.c
		_write_external_eeprom		CODE           	1028	0000	84
		_read_external_eeprom		CODE           	0DEC	0000	42

External_eeprom.c estimated size: 126

i2c.c
		_i2c_start     		CODE           	0CB6	0000	8
		_i2c_no_ack    		CODE           	0CB0	0000	6
		_i2c_rep_start 		CODE           	0CCE	0000	8
		_i2c_idle      		CODE           	0CEE	0000	18
		_i2c_write     		CODE           	0CD6	0000	12
		_i2c_stop      		CODE           	0CBE	0000	8
		_i2c_read      		CODE           	0CE2	0000	12
		_init_i2c      		CODE           	0D24	0000	22
		_i2c_rx_mode   		CODE           	0CC6	0000	8

i2c.c estimated size: 102

C:\Program Files\Microchip\xc8\v2.50\pic\sources\c99\common\awmod.c
		___awmod       		CODE           	1624	0000	174

C:\Program Files\Microchip\xc8\v2.50\pic\sources\c99\common\awmod.c estimated size: 174

C:\Program Files\Microchip\xc8\v2.50\pic\sources\c99\common\Umul32.c
		___lmul        		CODE           	11A2	0000	106

C:\Program Files\Microchip\xc8\v2.50\pic\sources\c99\common\Umul32.c estimated size: 106

C:\Program Files\Microchip\xc8\v2.50\pic\sources\c99\common\llmod.c
		___llmod       		CODE           	13D6	0000	136

C:\Program Files\Microchip\xc8\v2.50\pic\sources\c99\common\llmod.c estimated size: 136

ds1307.c
		_read_ds1307   		CODE           	0E16	0000	42
		_write_ds1307  		CODE           	0D86	0000	30
		_init_ds1307   		CODE           	0F8C	0000	72

ds1307.c estimated size: 144

adc.c
		_init_adc      		CODE           	0D6A	0000	28
		_read_adc      		CODE           	0F46	0000	70

adc.c estimated size: 98

C:\Program Files\Microchip\xc8\v2.50\pic\sources\c99\common\__lldiv.c
		___lldiv       		CODE           	1580	0000	164

C:\Program Files\Microchip\xc8\v2.50\pic\sources\c99\common\__lldiv.c estimated size: 164

C:\Program Files\Microchip\xc8\v2.50\pic\sources\c99\common\strcmp.c
		_strcmp        		CODE           	14EC	0000	148

C:\Program Files\Microchip\xc8\v2.50\pic\sources\c99\common\strcmp.c estimated size: 148

C:\Program Files\Microchip\xc8\v2.50\pic\sources\c99\common\strcpy.c
		_strcpy        		CODE           	0FD4	0000	84

C:\Program Files\Microchip\xc8\v2.50\pic\sources\c99\common\strcpy.c estimated size: 84

C:\Program Files\Microchip\xc8\v2.50\pic\sources\c99\common\memset.c
		_memset        		CODE           	0E40	0000	48

C:\Program Files\Microchip\xc8\v2.50\pic\sources\c99\common\memset.c estimated size: 48

shared
		__initialization		CODE           	1278	0000	98

shared estimated size: 98

clcd.c
		_clcd_write    		CODE           	0EA0	0000	50
		_clcd_print    		CODE           	120C	0000	108
		_clcd_putch    		CODE           	0D3A	0000	24
		_init_clcd     		CODE           	0ED2	0000	52

clcd.c estimated size: 234

C:\Program Files\Microchip\xc8\v2.50\pic\sources\c99\common\awdiv.c
		___awdiv       		CODE           	1790	0000	194

C:\Program Files\Microchip\xc8\v2.50\pic\sources\c99\common\awdiv.c estimated size: 194

main.c
		_main          		CODE           	19E0	0000	212
		_int_config    		CODE           	145E	0000	142

main.c estimated size: 354

supportive_file.c
		_view_log      		CODE           	16D2	0000	190
		_get_logs      		CODE           	10DA	0000	98
		_event_store   		CODE           	1AB4	0000	214
		_clcd_screen_data		CODE           	1918	0000	200
		_display_main_menu		CODE           	1FB6	0000	698
		_get_time      		CODE           	1358	0000	126
		_event_reader  		CODE           	1B8A	0000	262
		_download_log  		CODE           	1D98	0000	266
		_set_time      		CODE           	28CA	0000	994
		_clear_log     		CODE           	1EA2	0000	276
		_view_dashboard		CODE           	0DC4	0000	40

supportive_file.c estimated size: 3364

